Archive member included because of file (symbol)

/home/evaota/LPCXpresso/workspace/CMSISv1p30_LPC11xx/Debug/libCMSISv1p30_LPC11xx.a(system_LPC11xx.o)
                              ./src/NewPlayer.o (SystemCoreClock)
/usr/local/lpcxpresso_7.9.2_493/lpcxpresso/tools/bin/../lib/gcc/arm-none-eabi/4.9.3/../../../../arm-none-eabi/lib/armv6-m/libcr_semihost.a(_cr__main.o)
                              ./src/cr_startup_lpc11xx.o (__main)
/usr/local/lpcxpresso_7.9.2_493/lpcxpresso/tools/bin/../lib/gcc/arm-none-eabi/4.9.3/../../../../arm-none-eabi/lib/armv6-m/libcr_c.a(fpprintf.o)
                              ./src/UART.o (sprintf)
/usr/local/lpcxpresso_7.9.2_493/lpcxpresso/tools/bin/../lib/gcc/arm-none-eabi/4.9.3/../../../../arm-none-eabi/lib/armv6-m/libcr_c.a(initio.o)
                              /usr/local/lpcxpresso_7.9.2_493/lpcxpresso/tools/bin/../lib/gcc/arm-none-eabi/4.9.3/../../../../arm-none-eabi/lib/armv6-m/libcr_semihost.a(_cr__main.o) (_initio)
/usr/local/lpcxpresso_7.9.2_493/lpcxpresso/tools/bin/../lib/gcc/arm-none-eabi/4.9.3/../../../../arm-none-eabi/lib/armv6-m/libcr_c.a(printf.o)
                              /usr/local/lpcxpresso_7.9.2_493/lpcxpresso/tools/bin/../lib/gcc/arm-none-eabi/4.9.3/../../../../arm-none-eabi/lib/armv6-m/libcr_c.a(fpprintf.o) (__vfprintf)
/usr/local/lpcxpresso_7.9.2_493/lpcxpresso/tools/bin/../lib/gcc/arm-none-eabi/4.9.3/../../../../arm-none-eabi/lib/armv6-m/libcr_c.a(setvbuf.o)
                              /usr/local/lpcxpresso_7.9.2_493/lpcxpresso/tools/bin/../lib/gcc/arm-none-eabi/4.9.3/../../../../arm-none-eabi/lib/armv6-m/libcr_c.a(initio.o) (setvbuf)
/usr/local/lpcxpresso_7.9.2_493/lpcxpresso/tools/bin/../lib/gcc/arm-none-eabi/4.9.3/../../../../arm-none-eabi/lib/armv6-m/libcr_c.a(stdio.o)
                              /usr/local/lpcxpresso_7.9.2_493/lpcxpresso/tools/bin/../lib/gcc/arm-none-eabi/4.9.3/../../../../arm-none-eabi/lib/armv6-m/libcr_c.a(fpprintf.o) (__Ciob)
/usr/local/lpcxpresso_7.9.2_493/lpcxpresso/tools/bin/../lib/gcc/arm-none-eabi/4.9.3/../../../../arm-none-eabi/lib/armv6-m/libcr_c.a(strlen.o)
                              /usr/local/lpcxpresso_7.9.2_493/lpcxpresso/tools/bin/../lib/gcc/arm-none-eabi/4.9.3/../../../../arm-none-eabi/lib/armv6-m/libcr_c.a(printf.o) (strlen)
/usr/local/lpcxpresso_7.9.2_493/lpcxpresso/tools/bin/../lib/gcc/arm-none-eabi/4.9.3/../../../../arm-none-eabi/lib/armv6-m/libcr_c.a(strstr.o)
                              ./src/wav/wav.o (strstr)
/usr/local/lpcxpresso_7.9.2_493/lpcxpresso/tools/bin/../lib/gcc/arm-none-eabi/4.9.3/../../../../arm-none-eabi/lib/armv6-m/libcr_c.a(memset.o)
                              /usr/local/lpcxpresso_7.9.2_493/lpcxpresso/tools/bin/../lib/gcc/arm-none-eabi/4.9.3/../../../../arm-none-eabi/lib/armv6-m/libcr_c.a(fpprintf.o) (memset)
/usr/local/lpcxpresso_7.9.2_493/lpcxpresso/tools/bin/../lib/gcc/arm-none-eabi/4.9.3/../../../../arm-none-eabi/lib/armv6-m/libcr_c.a(__fillbuf.o)
                              /usr/local/lpcxpresso_7.9.2_493/lpcxpresso/tools/bin/../lib/gcc/arm-none-eabi/4.9.3/../../../../arm-none-eabi/lib/armv6-m/libcr_c.a(stdio.o) (__filbuf)
/usr/local/lpcxpresso_7.9.2_493/lpcxpresso/tools/bin/../lib/gcc/arm-none-eabi/4.9.3/../../../../arm-none-eabi/lib/armv6-m/libcr_c.a(_deferredlazyseek.o)
                              /usr/local/lpcxpresso_7.9.2_493/lpcxpresso/tools/bin/../lib/gcc/arm-none-eabi/4.9.3/../../../../arm-none-eabi/lib/armv6-m/libcr_c.a(__fillbuf.o) (_deferredlazyseek)
/usr/local/lpcxpresso_7.9.2_493/lpcxpresso/tools/bin/../lib/gcc/arm-none-eabi/4.9.3/../../../../arm-none-eabi/lib/armv6-m/libcr_c.a(_fdopen.o)
                              /usr/local/lpcxpresso_7.9.2_493/lpcxpresso/tools/bin/../lib/gcc/arm-none-eabi/4.9.3/../../../../arm-none-eabi/lib/armv6-m/libcr_c.a(initio.o) (_fdopen)
/usr/local/lpcxpresso_7.9.2_493/lpcxpresso/tools/bin/../lib/gcc/arm-none-eabi/4.9.3/../../../../arm-none-eabi/lib/armv6-m/libcr_c.a(_fflush.o)
                              /usr/local/lpcxpresso_7.9.2_493/lpcxpresso/tools/bin/../lib/gcc/arm-none-eabi/4.9.3/../../../../arm-none-eabi/lib/armv6-m/libcr_c.a(__fillbuf.o) (_fflush)
/usr/local/lpcxpresso_7.9.2_493/lpcxpresso/tools/bin/../lib/gcc/arm-none-eabi/4.9.3/../../../../arm-none-eabi/lib/armv6-m/libcr_c.a(_frexpl.o)
                              /usr/local/lpcxpresso_7.9.2_493/lpcxpresso/tools/bin/../lib/gcc/arm-none-eabi/4.9.3/../../../../arm-none-eabi/lib/armv6-m/libcr_c.a(fpprintf.o) (_frexpl)
/usr/local/lpcxpresso_7.9.2_493/lpcxpresso/tools/bin/../lib/gcc/arm-none-eabi/4.9.3/../../../../arm-none-eabi/lib/armv6-m/libcr_c.a(_ldexpl.o)
                              /usr/local/lpcxpresso_7.9.2_493/lpcxpresso/tools/bin/../lib/gcc/arm-none-eabi/4.9.3/../../../../arm-none-eabi/lib/armv6-m/libcr_c.a(fpprintf.o) (_ldexpl)
/usr/local/lpcxpresso_7.9.2_493/lpcxpresso/tools/bin/../lib/gcc/arm-none-eabi/4.9.3/../../../../arm-none-eabi/lib/armv6-m/libcr_c.a(_writebuf.o)
[...]
Memory Configuration

Name             Origin             Length             Attributes
MFlash32         0x00000000         0x00008000         xr
RamLoc4          0x10000000         0x00001000         xrw
*default*        0x00000000         0xffffffff

Linker script and memory map

LOAD ./src/wav/wav.o
LOAD ./src/fatfs/ff.o
LOAD ./src/fatfs/mmc_ssp.o
LOAD ./src/NewPlayer.o
LOAD ./src/PWM.o
LOAD ./src/SPI.o
LOAD ./src/Timer16_32.o
LOAD ./src/UART.o
LOAD ./src/cr_startup_lpc11xx.o
LOAD ./src/crp.o
LOAD ./src/xprintf.o
LOAD /home/evaota/LPCXpresso/workspace/CMSISv1p30_LPC11xx/Debug/libCMSISv1p30_LPC11xx.a
START GROUP
LOAD /usr/local/lpcxpresso_7.9.2_493/lpcxpresso/tools/bin/../lib/gcc/arm-none-eabi/4.9.3/../../../../arm-none-eabi/lib/armv6-m/libcr_semihost.a
LOAD /usr/local/lpcxpresso_7.9.2_493/lpcxpresso/tools/bin/../lib/gcc/arm-none-eabi/4.9.3/../../../../arm-none-eabi/lib/armv6-m/libcr_c.a
LOAD /usr/local/lpcxpresso_7.9.2_493/lpcxpresso/tools/bin/../lib/gcc/arm-none-eabi/4.9.3/armv6-m/libcr_eabihelpers.a
END GROUP
                0x00000000                __base_MFlash32 = 0x0
                0x00000000                __base_Flash = 0x0
                0x00008000                __top_MFlash32 = 0x8000
                0x00008000                __top_Flash = 0x8000
                0x10000000                __base_RamLoc4 = 0x10000000
                0x10000000                __base_RAM = 0x10000000
                0x10001000                __top_RamLoc4 = 0x10001000
                0x10001000                __top_RAM = 0x10001000

.text           0x00000000     0x3548
 FILL mask 0xff
                0x00000000                __vectors_start__ = ABSOLUTE (.)
 *(.isr_vector)
 .isr_vector    0x00000000       0xc0 ./src/cr_startup_lpc11xx.o
                0x00000000                g_pfnVectors
                0x000000c0                . = ALIGN (0x4)
                0x000000c0                __section_table_start = .
                0x000000c0                __data_section_table = .
                0x000000c0        0x4 LONG 0x3548 LOADADDR (.data)
                0x000000c4        0x4 LONG 0x10000000 ADDR (.data)
                0x000000c8        0x4 LONG 0x8 SIZEOF (.data)
                0x000000cc                __data_section_table_end = .
                0x000000cc                __bss_section_table = .
                0x000000cc        0x4 LONG 0x10000008 ADDR (.bss)
                0x000000d0        0x4 LONG 0x58c SIZEOF (.bss)
                0x000000d4                __bss_section_table_end = .
                0x000000d4                __section_table_end = .
 *(.after_vectors*)
 .after_vectors
                0x000000d4       0x90 ./src/cr_startup_lpc11xx.o
                0x000000d4                NMI_Handler
                0x000000d8                HardFault_Handler
                0x000000dc                SVC_Handler
                0x000000e0                PendSV_Handler
                0x000000e8                UART_IRQHandler
                0x000000e8                TIMER32_0_IRQHandler
                0x000000e8                TIMER32_1_IRQHandler
                0x000000e8                IntDefaultHandler
                0x000000e8                PIOINT1_IRQHandler
                0x000000e8                CAN_IRQHandler
                0x000000e8                SSP0_IRQHandler
                0x000000e8                TIMER16_1_IRQHandler
                0x000000e8                ADC_IRQHandler
                0x000000e8                SSP1_IRQHandler
                0x000000e8                PIOINT2_IRQHandler
                0x000000e8                BOD_IRQHandler
                0x000000e8                WAKEUP_IRQHandler
                0x000000e8                PIOINT0_IRQHandler
                0x000000e8                I2C_IRQHandler
                0x000000e8                WDT_IRQHandler
                0x000000e8                PIOINT3_IRQHandler
                0x000000ec                data_init
                0x00000100                bss_init
                0x00000114                ResetISR
                0x000002fc                . = 0x2fc
 *fill*         0x00000164      0x198 ff
                0x000002fc                PROVIDE (__CRP_WORD_START__, .)
 *(.crp)
 .crp           0x000002fc        0x4 ./src/crp.o
                0x000002fc                CRP_WORD
                0x00000300                PROVIDE (__CRP_WORD_END__, .)
                0x00000001                ASSERT (! ((__CRP_WORD_START__ == __CRP_WORD_END__)), Linker CRP Enabled, but no CRP_WORD provided within application)
 *(.text*)
 .text.CastUint32
                0x00000300       0x18 ./src/wav/wav.o
 .text.CheckWavFile
                0x00000318      0x2b8 ./src/wav/wav.o
                0x00000318                CheckWavFile
 .text.DispWavInfo
                0x000005d0       0x6c ./src/wav/wav.o
                0x000005d0                DispWavInfo
 .text.GetMusicNum
                0x0000063c       0x64 ./src/wav/wav.o
                0x0000063c                GetMusicNum
 .text.mem_cpy  0x000006a0       0x14 ./src/fatfs/ff.o
 .text.ld_clust
                0x000006b4       0x20 ./src/fatfs/ff.o
 .text.get_fileinfo
                0x000006d4       0x6c ./src/fatfs/ff.o
 .text.get_ldnumber
                0x00000740       0x58 ./src/fatfs/ff.o
 .text.sync_window
                0x00000798       0x5c ./src/fatfs/ff.o
 .text.move_window
                0x000007f4       0x34 ./src/fatfs/ff.o
 .text.check_fs
                0x00000828       0x9c ./src/fatfs/ff.o
 .text.validate
                0x000008c4       0x38 ./src/fatfs/ff.o
 .text.find_volume
                0x000008fc      0x3e4 ./src/fatfs/ff.o
 .text.clust2sect
                0x00000ce0       0x18 ./src/fatfs/ff.o
                0x00000ce0                clust2sect
 .text.get_fat  0x00000cf8       0xf4 ./src/fatfs/ff.o
                0x00000cf8                get_fat
 .text.dir_sdi  0x00000dec       0x9c ./src/fatfs/ff.o
 .text.put_fat  0x00000e88      0x154 ./src/fatfs/ff.o
                0x00000e88                put_fat
 .text.create_chain
                0x00000fdc       0xd8 ./src/fatfs/ff.o
 .text.dir_next
                0x000010b4      0x120 ./src/fatfs/ff.o
 .text.follow_path
                0x000011d4      0x298 ./src/fatfs/ff.o
 .text.dir_register
                0x0000146c       0x6c ./src/fatfs/ff.o
 .text.dir_read
                0x000014d8       0x5c ./src/fatfs/ff.o
 .text.remove_chain
                0x00001534       0x60 ./src/fatfs/ff.o
 .text.f_mount  0x00001594       0x64 ./src/fatfs/ff.o
                0x00001594                f_mount
 .text.f_open   0x000015f8      0x174 ./src/fatfs/ff.o
                0x000015f8                f_open
 .text.f_read   0x0000176c      0x198 ./src/fatfs/ff.o
                0x0000176c                f_read
 .text.f_opendir
                0x00001904       0x80 ./src/fatfs/ff.o
                0x00001904                f_opendir
 .text.f_closedir
                0x00001984       0x14 ./src/fatfs/ff.o
                0x00001984                f_closedir
 .text.f_readdir
                0x00001998       0x60 ./src/fatfs/ff.o
                0x00001998                f_readdir
 .text.xchg_spi
                0x000019f8       0x1c ./src/fatfs/mmc_ssp.o
 .text.wait_ready
                0x00001a14       0x24 ./src/fatfs/mmc_ssp.o
 .text.deselect
                0x00001a38       0x20 ./src/fatfs/mmc_ssp.o
 .text.select   0x00001a58       0x38 ./src/fatfs/mmc_ssp.o
 .text.rcvr_datablock
                0x00001a90       0xbc ./src/fatfs/mmc_ssp.o
 .text.xmit_datablock
                0x00001b4c       0xb0 ./src/fatfs/mmc_ssp.o
 .text.send_cmd
                0x00001bfc       0xc8 ./src/fatfs/mmc_ssp.o
 .text.disk_initialize
                0x00001cc4      0x1a4 ./src/fatfs/mmc_ssp.o
                0x00001cc4                disk_initialize
 .text.disk_status
                0x00001e68       0x14 ./src/fatfs/mmc_ssp.o
                0x00001e68                disk_status
 .text.disk_read
                0x00001e7c       0x7c ./src/fatfs/mmc_ssp.o
                0x00001e7c                disk_read
 .text.disk_write
                0x00001ef8       0xa8 ./src/fatfs/mmc_ssp.o
                0x00001ef8                disk_write
 .text.disk_timerproc
                0x00001fa0       0x5c ./src/fatfs/mmc_ssp.o
                0x00001fa0                disk_timerproc
 .text.GPIO_Init
                0x00001ffc       0x3c ./src/NewPlayer.o
                0x00001ffc                GPIO_Init
 .text.TIMER16_0_IRQHandler
                0x00002038       0x58 ./src/NewPlayer.o
                0x00002038                TIMER16_0_IRQHandler
 .text.SysTick_Handler
                0x00002090       0x7c ./src/NewPlayer.o
                0x00002090                SysTick_Handler
 .text.BlankProc
                0x0000210c       0x34 ./src/NewPlayer.o
                0x0000210c                BlankProc
 .text.BlinkLED
                0x00002140       0x30 ./src/NewPlayer.o
                0x00002140                BlinkLED
 .text.ErrorHandle
                0x00002170       0x14 ./src/NewPlayer.o
                0x00002170                ErrorHandle
 .text.main     0x00002184      0x350 ./src/NewPlayer.o
                0x00002184                main
 .text.PWM32B1Init
                0x000024d4       0x68 ./src/PWM.o
                0x000024d4                PWM32B1Init
 .text.SPI_Init
                0x0000253c       0x98 ./src/SPI.o
                0x0000253c                SPI_Init
 .text.SetMRxValue
                0x000025d4       0x24 ./src/Timer16_32.o
                0x000025d4                SetMRxValue
 .text.MRxRaiseHandle
                0x000025f8       0x14 ./src/Timer16_32.o
                0x000025f8                MRxRaiseHandle
 .text.MRxClearCT
                0x0000260c       0x14 ./src/Timer16_32.o
                0x0000260c                MRxClearCT
 .text.SetPrescal
                0x00002620        0x4 ./src/Timer16_32.o
                0x00002620                SetPrescal
 .text.TMRxStart
                0x00002624        0xc ./src/Timer16_32.o
                0x00002624                TMRxStart
 .text.UART_Init
                0x00002630       0x90 ./src/UART.o
                0x00002630                UART_Init
 .text.Putc     0x000026c0       0x14 ./src/UART.o
                0x000026c0                Putc
 .text.Getc     0x000026d4       0x18 ./src/UART.o
                0x000026d4                Getc
 .text.xputc    0x000026ec       0x38 ./src/xprintf.o
                0x000026ec                xputc
 .text.xputs    0x00002724       0x18 ./src/xprintf.o
                0x00002724                xputs
 .text.xvprintf
                0x0000273c      0x29c ./src/xprintf.o
 .text.xprintf  0x000029d8       0x18 ./src/xprintf.o
                0x000029d8                xprintf
 .text.__NOP    0x000029f0        0xc /home/evaota/LPCXpresso/workspace/CMSISv1p30_LPC11xx/Debug/libCMSISv1p30_LPC11xx.a(system_LPC11xx.o)
 .text.SystemInit
                0x000029fc       0xdc /home/evaota/LPCXpresso/workspace/CMSISv1p30_LPC11xx/Debug/libCMSISv1p30_LPC11xx.a(system_LPC11xx.o)
                0x000029fc                SystemInit
 .text.__main   0x00002ad8       0x12 /usr/local/lpcxpresso_7.9.2_493/lpcxpresso/tools/bin/../lib/gcc/arm-none-eabi/4.9.3/../../../../arm-none-eabi/lib/armv6-m/libcr_semihost.a(_cr__main.o)
                0x00002ad8                __main
                0x00002ad8                __CR_SEMIHOST
 *fill*         0x00002aea        0x2 
 .text._initio  0x00002aec       0xa8 /usr/local/lpcxpresso_7.9.2_493/lpcxpresso/tools/bin/../lib/gcc/arm-none-eabi/4.9.3/../../../../arm-none-eabi/lib/armv6-m/libcr_c.a(initio.o)
                0x00002aec                _initio
 .text.setvbuf  0x00002b94       0x48 /usr/local/lpcxpresso_7.9.2_493/lpcxpresso/tools/bin/../lib/gcc/arm-none-eabi/4.9.3/../../../../arm-none-eabi/lib/armv6-m/libcr_c.a(setvbuf.o)
                0x00002b94                setvbuf
 .text.strlen   0x00002bdc       0x54 /usr/local/lpcxpresso_7.9.2_493/lpcxpresso/tools/bin/../lib/gcc/arm-none-eabi/4.9.3/../../../../arm-none-eabi/lib/armv6-m/libcr_c.a(strlen.o)
                0x00002bdc                strlen
 .text.strstr   0x00002c30       0x22 /usr/local/lpcxpresso_7.9.2_493/lpcxpresso/tools/bin/../lib/gcc/arm-none-eabi/4.9.3/../../../../arm-none-eabi/lib/armv6-m/libcr_c.a(strstr.o)
                0x00002c30                strstr
 .text.memset   0x00002c52        0x8 /usr/local/lpcxpresso_7.9.2_493/lpcxpresso/tools/bin/../lib/gcc/arm-none-eabi/4.9.3/../../../../arm-none-eabi/lib/armv6-m/libcr_c.a(memset.o)
                0x00002c52                memset
 *fill*         0x00002c5a        0x2 
 .text._deferredlazyseek
                0x00002c5c       0x44 /usr/local/lpcxpresso_7.9.2_493/lpcxpresso/tools/bin/../lib/gcc/arm-none-eabi/4.9.3/../../../../arm-none-eabi/lib/armv6-m/libcr_c.a(_deferredlazyseek.o)
                0x00002c5c                _deferredlazyseek
 .text._fdopen  0x00002ca0       0x68 /usr/local/lpcxpresso_7.9.2_493/lpcxpresso/tools/bin/../lib/gcc/arm-none-eabi/4.9.3/../../../../arm-none-eabi/lib/armv6-m/libcr_c.a(_fdopen.o)
                0x00002ca0                _fdopen
 .text._fflush  0x00002d08       0x64 /usr/local/lpcxpresso_7.9.2_493/lpcxpresso/tools/bin/../lib/gcc/arm-none-eabi/4.9.3/../../../../arm-none-eabi/lib/armv6-m/libcr_c.a(_fflush.o)
                0x00002d08                _fflush
 .text._Cwritebuf
                0x00002d6c       0x6c /usr/local/lpcxpresso_7.9.2_493/lpcxpresso/tools/bin/../lib/gcc/arm-none-eabi/4.9.3/../../../../arm-none-eabi/lib/armv6-m/libcr_c.a(_writebuf.o)
                0x00002d6c                _Cwritebuf
 .text.malloc   0x00002dd8       0xcc /usr/local/lpcxpresso_7.9.2_493/lpcxpresso/tools/bin/../lib/gcc/arm-none-eabi/4.9.3/../../../../arm-none-eabi/lib/armv6-m/libcr_c.a(alloc.o)
                0x00002dd8                malloc
 .text.free     0x00002ea4       0x2e /usr/local/lpcxpresso_7.9.2_493/lpcxpresso/tools/bin/../lib/gcc/arm-none-eabi/4.9.3/../../../../arm-none-eabi/lib/armv6-m/libcr_c.a(alloc.o)
                0x00002ea4                free
 *fill*         0x00002ed2        0x2 
 .text._Csys_alloc
                0x00002ed4       0x20 /usr/local/lpcxpresso_7.9.2_493/lpcxpresso/tools/bin/../lib/gcc/arm-none-eabi/4.9.3/../../../../arm-none-eabi/lib/armv6-m/libcr_c.a(alloc.o)
                0x00002ed4                _Csys_alloc
 .text.fclose   0x00002ef4       0x70 /usr/local/lpcxpresso_7.9.2_493/lpcxpresso/tools/bin/../lib/gcc/arm-none-eabi/4.9.3/../../../../arm-none-eabi/lib/armv6-m/libcr_c.a(fclose.o)
                0x00002ef4                fclose
 .text.fflush   0x00002f64       0x34 /usr/local/lpcxpresso_7.9.2_493/lpcxpresso/tools/bin/../lib/gcc/arm-none-eabi/4.9.3/../../../../arm-none-eabi/lib/armv6-m/libcr_c.a(fflush.o)
                0x00002f64                fflush
 .text.fseek    0x00002f98      0x100 /usr/local/lpcxpresso_7.9.2_493/lpcxpresso/tools/bin/../lib/gcc/arm-none-eabi/4.9.3/../../../../arm-none-eabi/lib/armv6-m/libcr_c.a(fseek.o)
                0x00002f98                fseek
 .text.ftell    0x00003098       0x4c /usr/local/lpcxpresso_7.9.2_493/lpcxpresso/tools/bin/../lib/gcc/arm-none-eabi/4.9.3/../../../../arm-none-eabi/lib/armv6-m/libcr_c.a(ftell.o)
                0x00003098                ftell
 .text.remove   0x000030e4       0x12 /usr/local/lpcxpresso_7.9.2_493/lpcxpresso/tools/bin/../lib/gcc/arm-none-eabi/4.9.3/../../../../arm-none-eabi/lib/armv6-m/libcr_c.a(remove.o)
                0x000030e4                remove
 *fill*         0x000030f6        0x2 
 .text._sbrk    0x000030f8       0x40 /usr/local/lpcxpresso_7.9.2_493/lpcxpresso/tools/bin/../lib/gcc/arm-none-eabi/4.9.3/../../../../arm-none-eabi/lib/armv6-m/libcr_c.a(_cr_sbrk.o)
                0x000030f8                _sbrk
 .text._do_fflush
                0x00003138       0x4c /usr/local/lpcxpresso_7.9.2_493/lpcxpresso/tools/bin/../lib/gcc/arm-none-eabi/4.9.3/../../../../arm-none-eabi/lib/armv6-m/libcr_c.a(_do_fflush.o)
                0x00003138                _do_fflush
 .text.__check_heap_overflow
                0x00003184       0x14 /usr/local/lpcxpresso_7.9.2_493/lpcxpresso/tools/bin/../lib/gcc/arm-none-eabi/4.9.3/../../../../arm-none-eabi/lib/armv6-m/libcr_c.a(_cr_check_heap.o)
                0x00003184                __check_heap_overflow
 .text.__aeabi_division_idivmod
                0x00003198       0x78 /usr/local/lpcxpresso_7.9.2_493/lpcxpresso/tools/bin/../lib/gcc/arm-none-eabi/4.9.3/armv6-m/libcr_eabihelpers.a(division_32.o)
                0x00003198                __aeabi_idiv
                0x00003198                __aeabi_idivmod
                0x0000319e                __aeabi_uidiv
                0x0000319e                __aeabi_uidivmod
 .text.__aeabi_division_idiv0
                0x00003210        0x2 /usr/local/lpcxpresso_7.9.2_493/lpcxpresso/tools/bin/../lib/gcc/arm-none-eabi/4.9.3/armv6-m/libcr_eabihelpers.a(division_idiv0.o)
                0x00003210                __aeabi_idiv0
 .text.__aeabi_memset_lowlevel
                0x00003212       0x2a /usr/local/lpcxpresso_7.9.2_493/lpcxpresso/tools/bin/../lib/gcc/arm-none-eabi/4.9.3/armv6-m/libcr_eabihelpers.a(memcpy.o)
                0x00003212                __aeabi_lowlevel_memset
 .text.__sys_appexit
                0x0000323c        0xc /usr/local/lpcxpresso_7.9.2_493/lpcxpresso/tools/bin/../lib/gcc/arm-none-eabi/4.9.3/../../../../arm-none-eabi/lib/armv6-m/libcr_semihost.a(__sys_appexit.o)
                0x0000323c                __exit
                0x0000323c                __sys_appexit
 .text.__sys_close
                0x00003248        0xc /usr/local/lpcxpresso_7.9.2_493/lpcxpresso/tools/bin/../lib/gcc/arm-none-eabi/4.9.3/../../../../arm-none-eabi/lib/armv6-m/libcr_semihost.a(__sys_close.o)
                0x00003248                __sys_close
 .text.__sys_flen
                0x00003254        0xc /usr/local/lpcxpresso_7.9.2_493/lpcxpresso/tools/bin/../lib/gcc/arm-none-eabi/4.9.3/../../../../arm-none-eabi/lib/armv6-m/libcr_semihost.a(__sys_flen.o)
                0x00003254                __sys_flen
 .text.__sys_istty
                0x00003260        0xc /usr/local/lpcxpresso_7.9.2_493/lpcxpresso/tools/bin/../lib/gcc/arm-none-eabi/4.9.3/../../../../arm-none-eabi/lib/armv6-m/libcr_semihost.a(__sys_istty.o)
                0x00003260                __sys_istty
 .text.__sys_remove
                0x0000326c        0xc /usr/local/lpcxpresso_7.9.2_493/lpcxpresso/tools/bin/../lib/gcc/arm-none-eabi/4.9.3/../../../../arm-none-eabi/lib/armv6-m/libcr_semihost.a(__sys_remove.o)
                0x0000326c                __sys_remove
 .text.__sys_seek
                0x00003278        0xc /usr/local/lpcxpresso_7.9.2_493/lpcxpresso/tools/bin/../lib/gcc/arm-none-eabi/4.9.3/../../../../arm-none-eabi/lib/armv6-m/libcr_semihost.a(__sys_seek.o)
                0x00003278                __sys_seek
 .text.__sys_tmpnam
                0x00003284        0xc /usr/local/lpcxpresso_7.9.2_493/lpcxpresso/tools/bin/../lib/gcc/arm-none-eabi/4.9.3/../../../../arm-none-eabi/lib/armv6-m/libcr_semihost.a(__sys_tmpnam.o)
                0x00003284                __sys_tmpnam
 .text.__sys_write
                0x00003290        0xc /usr/local/lpcxpresso_7.9.2_493/lpcxpresso/tools/bin/../lib/gcc/arm-none-eabi/4.9.3/../../../../arm-none-eabi/lib/armv6-m/libcr_semihost.a(__sys_write.o)
                0x00003290                __write
                0x00003290                __sys_write
 *(.rodata .rodata.* .constdata .constdata.*)
 .rodata.str1.4
                0x0000329c      0x1f8 ./src/wav/wav.o
                                0x1fc (size before relaxing)
 .rodata.str1.4
                0x00003494        0xf ./src/fatfs/ff.o
 *fill*         0x000034a3        0x1 
 .rodata.str1.4
                0x000034a4       0x2c ./src/NewPlayer.o
                                 0x35 (size before relaxing)
 .rodata.xvprintf
                0x000034d0       0x5c ./src/xprintf.o
 .rodata.str1.1
                0x0000352c        0x4 /usr/local/lpcxpresso_7.9.2_493/lpcxpresso/tools/bin/../lib/gcc/arm-none-eabi/4.9.3/../../../../arm-none-eabi/lib/armv6-m/libcr_c.a(initio.o)
 .rodata.str1.1
                0x00003530       0x18 /usr/local/lpcxpresso_7.9.2_493/lpcxpresso/tools/bin/../lib/gcc/arm-none-eabi/4.9.3/../../../../arm-none-eabi/lib/armv6-m/libcr_c.a(alloc.o)
                0x00003548                . = ALIGN (0x4)

.glue_7         0x00003548        0x0
 .glue_7        0x00000000        0x0 linker stubs

.glue_7t        0x00003548        0x0
 .glue_7t       0x00000000        0x0 linker stubs

.vfp11_veneer   0x00003548        0x0
 .vfp11_veneer  0x00000000        0x0 linker stubs

.v4_bx          0x00003548        0x0
 .v4_bx         0x00000000        0x0 linker stubs

.iplt           0x00003548        0x0
 .iplt          0x00000000        0x0 ./src/wav/wav.o

.rel.dyn        0x00003548        0x0
 .rel.iplt      0x00000000        0x0 ./src/wav/wav.o

.ARM.extab
 *(.ARM.extab* .gnu.linkonce.armextab.*)
                0x00003548                __exidx_start = .

.ARM.exidx
 *(.ARM.exidx* .gnu.linkonce.armexidx.*)
                0x00003548                __exidx_end = .
                0x00003548                _etext = .

.uninit_RESERVED
                0x10000000        0x0
 *(.bss.$RESERVED*)
                0x10000000                . = ALIGN (0x4)
                0x10000000                _end_uninit_RESERVED = .

.data           0x10000000        0x8 load address 0x00003548
 FILL mask 0xff
                0x10000000                _data = .
 *(vtable)
 *(.ramfunc*)
 *(.data*)
 .data.Stat     0x10000000        0x1 ./src/fatfs/mmc_ssp.o
 .data.playctrl
                0x10000001        0x1 ./src/NewPlayer.o
                0x10000001                playctrl
 *fill*         0x10000002        0x2 
 .data          0x10000004        0x4 /home/evaota/LPCXpresso/workspace/CMSISv1p30_LPC11xx/Debug/libCMSISv1p30_LPC11xx.a(system_LPC11xx.o)
                0x10000004                SystemCoreClock
                0x10000008                . = ALIGN (0x4)
                0x10000008                _edata = .

.igot.plt       0x10000008        0x0 load address 0x00003550
 .igot.plt      0x00000000        0x0 ./src/wav/wav.o

.bss            0x10000008      0x58c load address 0x00003550
                0x10000008                _bss = .
 *(.bss*)
 .bss.Fsid      0x10000008        0x2 ./src/fatfs/ff.o
 *fill*         0x1000000a        0x2 
 .bss.FatFs     0x1000000c        0x4 ./src/fatfs/ff.o
 .bss.Timer1    0x10000010        0x4 ./src/fatfs/mmc_ssp.o
 .bss.Timer2    0x10000014        0x4 ./src/fatfs/mmc_ssp.o
 .bss.CardType  0x10000018        0x1 ./src/fatfs/mmc_ssp.o
 *fill*         0x10000019        0x3 
 .bss.led.5142  0x1000001c        0x4 ./src/NewPlayer.o
 .bss.play      0x10000020        0x1 ./src/NewPlayer.o
                0x10000020                play
 *fill*         0x10000021        0x3 
 .bss.Bwi       0x10000024        0x4 ./src/NewPlayer.o
                0x10000024                Bwi
 .bss.wav_ok    0x10000028        0x1 ./src/NewPlayer.o
                0x10000028                wav_ok
 *fill*         0x10000029        0x3 
 .bss.Bct       0x1000002c        0x4 ./src/NewPlayer.o
                0x1000002c                Bct
 .bss.Bri       0x10000030        0x4 ./src/NewPlayer.o
                0x10000030                Bri
 .bss.outptr    0x10000034        0x4 ./src/xprintf.o
 .bss.errno     0x10000038        0x4 /usr/local/lpcxpresso_7.9.2_493/lpcxpresso/tools/bin/../lib/gcc/arm-none-eabi/4.9.3/../../../../arm-none-eabi/lib/armv6-m/libcr_c.a(errno.o)
                0x10000038                errno
 *(COMMON)
 COMMON         0x1000003c      0x404 ./src/NewPlayer.o
                0x1000003c                Timer
                0x10000040                Buff
 COMMON         0x10000440        0x8 ./src/xprintf.o
                0x10000440                xfunc_in
                0x10000444                xfunc_out
 COMMON         0x10000448        0x4 /usr/local/lpcxpresso_7.9.2_493/lpcxpresso/tools/bin/../lib/gcc/arm-none-eabi/4.9.3/../../../../arm-none-eabi/lib/armv6-m/libcr_c.a(initio.o)
                0x10000448                _extra
 COMMON         0x1000044c      0x140 /usr/local/lpcxpresso_7.9.2_493/lpcxpresso/tools/bin/../lib/gcc/arm-none-eabi/4.9.3/../../../../arm-none-eabi/lib/armv6-m/libcr_c.a(stdio.o)
                0x1000044c                __Ciob
 COMMON         0x1000058c        0x8 /usr/local/lpcxpresso_7.9.2_493/lpcxpresso/tools/bin/../lib/gcc/arm-none-eabi/4.9.3/../../../../arm-none-eabi/lib/armv6-m/libcr_c.a(__init_alloc.o)
                0x1000058c                __heaps
                0x10000590                __end_of_heap
                0x10000594                . = ALIGN (0x4)
                0x10000594                _ebss = .
                0x10000594                PROVIDE (end, .)

.noinit         0x10000594        0x0 load address 0x00003550
                0x10000594                _noinit = .
 *(.noinit*)
                0x10000594                . = ALIGN (0x4)
                0x10000594                _end_noinit = .
                0x10000594                PROVIDE (_pvHeapStart, DEFINED (__user_heap_base)?__user_heap_base:.)
                0x10001000                PROVIDE (_vStackTop, DEFINED (__user_stack_top)?__user_stack_top:(__top_RamLoc4 - 0x0))
                0xefffed3d                PROVIDE (__valid_user_code_checksum, (0x0 - (((_vStackTop + (ResetISR + 0x1)) + (DEFINED (NMI_Handler)?NMI_Handler:M0_NMI_Handler + 0x1)) + (DEFINED (HardFault_Handler)?HardFault_Handler:M0_HardFault_Handler + 0x1))))
OUTPUT(NewPlayer.axf elf32-littlearm)

.debug_info     0x00000000     0x8ee4
 .debug_info    0x00000000      0xbf8 ./src/wav/wav.o
 .debug_info    0x00000bf8     0x2dae ./src/fatfs/ff.o
 .debug_info    0x000039a6     0x10ed ./src/fatfs/mmc_ssp.o
 .debug_info    0x00004a93     0x184b ./src/NewPlayer.o
 .debug_info    0x000062de      0x8c5 ./src/PWM.o
 .debug_info    0x00006ba3      0x85b ./src/SPI.o
 .debug_info    0x000073fe      0x307 ./src/Timer16_32.o
 .debug_info    0x00007705      0xa15 ./src/UART.o
 .debug_info    0x0000811a      0x234 ./src/cr_startup_lpc11xx.o
 .debug_info    0x0000834e       0x3f ./src/crp.o
 .debug_info    0x0000838d      0x6f2 ./src/xprintf.o
 .debug_info    0x00008a7f      0x465 /home/evaota/LPCXpresso/workspace/CMSISv1p30_LPC11xx/Debug/libCMSISv1p30_LPC11xx.a(system_LPC11xx.o)

.debug_abbrev   0x00000000     0x162d
 .debug_abbrev  0x00000000      0x214 ./src/wav/wav.o
 .debug_abbrev  0x00000214      0x2d4 ./src/fatfs/ff.o
 .debug_abbrev  0x000004e8      0x31c ./src/fatfs/mmc_ssp.o
 .debug_abbrev  0x00000804      0x3e6 ./src/NewPlayer.o
 .debug_abbrev  0x00000bea      0x13e ./src/PWM.o
 .debug_abbrev  0x00000d28      0x181 ./src/SPI.o
 .debug_abbrev  0x00000ea9      0x11f ./src/Timer16_32.o
 .debug_abbrev  0x00000fc8      0x24d ./src/UART.o
 .debug_abbrev  0x00001215       0xe8 ./src/cr_startup_lpc11xx.o
 .debug_abbrev  0x000012fd       0x36 ./src/crp.o
 .debug_abbrev  0x00001333      0x218 ./src/xprintf.o
 .debug_abbrev  0x0000154b       0xe2 /home/evaota/LPCXpresso/workspace/CMSISv1p30_LPC11xx/Debug/libCMSISv1p30_LPC11xx.a(system_LPC11xx.o)

.debug_loc      0x00000000     0x62ca
 .debug_loc     0x00000000      0x498 ./src/wav/wav.o
 .debug_loc     0x00000498     0x40b4 ./src/fatfs/ff.o
 .debug_loc     0x0000454c      0xad4 ./src/fatfs/mmc_ssp.o
 .debug_loc     0x00005020      0x2a0 ./src/NewPlayer.o
 .debug_loc     0x000052c0      0x160 ./src/PWM.o
 .debug_loc     0x00005420       0x63 ./src/Timer16_32.o
 .debug_loc     0x00005483       0x89 ./src/UART.o
 .debug_loc     0x0000550c      0x18b ./src/cr_startup_lpc11xx.o
 .debug_loc     0x00005697      0xc33 ./src/xprintf.o

.debug_aranges  0x00000000      0x498
 .debug_aranges
                0x00000000       0x38 ./src/wav/wav.o
 .debug_aranges
                0x00000038      0x180 ./src/fatfs/ff.o
 .debug_aranges
                0x000001b8       0x80 ./src/fatfs/mmc_ssp.o
 .debug_aranges
                0x00000238       0x58 ./src/NewPlayer.o
 .debug_aranges
                0x00000290       0x38 ./src/PWM.o
 .debug_aranges
                0x000002c8       0x30 ./src/SPI.o
 .debug_aranges
                0x000002f8       0x48 ./src/Timer16_32.o
 .debug_aranges
                0x00000340       0x40 ./src/UART.o
 .debug_aranges
                0x00000380       0x60 ./src/cr_startup_lpc11xx.o
 .debug_aranges
                0x000003e0       0x18 ./src/crp.o
 .debug_aranges
                0x000003f8       0x70 ./src/xprintf.o
 .debug_aranges
                0x00000468       0x30 /home/evaota/LPCXpresso/workspace/CMSISv1p30_LPC11xx/Debug/libCMSISv1p30_LPC11xx.a(system_LPC11xx.o)

.debug_ranges   0x00000000      0x460
 .debug_ranges  0x00000000       0x28 ./src/wav/wav.o
 .debug_ranges  0x00000028      0x1e8 ./src/fatfs/ff.o
 .debug_ranges  0x00000210       0x88 ./src/fatfs/mmc_ssp.o
 .debug_ranges  0x00000298       0x48 ./src/NewPlayer.o
 .debug_ranges  0x000002e0       0x28 ./src/PWM.o
 .debug_ranges  0x00000308       0x20 ./src/SPI.o
 .debug_ranges  0x00000328       0x38 ./src/Timer16_32.o
 .debug_ranges  0x00000360       0x30 ./src/UART.o
 .debug_ranges  0x00000390       0x50 ./src/cr_startup_lpc11xx.o
 .debug_ranges  0x000003e0       0x60 ./src/xprintf.o
 .debug_ranges  0x00000440       0x20 /home/evaota/LPCXpresso/workspace/CMSISv1p30_LPC11xx/Debug/libCMSISv1p30_LPC11xx.a(system_LPC11xx.o)

.debug_macro    0x00000000     0x324c
 .debug_macro   0x00000000       0xc1 ./src/wav/wav.o
 .debug_macro   0x000000c1      0x838 ./src/wav/wav.o
 .debug_macro   0x000008f9       0x10 ./src/wav/wav.o
 .debug_macro   0x00000909      0x12d ./src/wav/wav.o
 .debug_macro   0x00000a36       0x28 ./src/wav/wav.o
 .debug_macro   0x00000a5e       0x9a ./src/wav/wav.o
 .debug_macro   0x00000af8      0x5b2 ./src/wav/wav.o
 .debug_macro   0x000010aa       0x22 ./src/wav/wav.o
 .debug_macro   0x000010cc       0x16 ./src/wav/wav.o
 .debug_macro   0x000010e2       0xa6 ./src/wav/wav.o
 .debug_macro   0x00001188       0xdc ./src/wav/wav.o
 .debug_macro   0x00001264       0xee ./src/wav/wav.o
 .debug_macro   0x00001352       0x1c ./src/wav/wav.o
 .debug_macro   0x0000136e       0x40 ./src/wav/wav.o
 .debug_macro   0x000013ae      0x2a5 ./src/fatfs/ff.o
 .debug_macro   0x00001653       0xf5 ./src/fatfs/ff.o
 .debug_macro   0x00001748       0xb8 ./src/fatfs/ff.o
 .debug_macro   0x00001800      0x16b ./src/fatfs/mmc_ssp.o
 .debug_macro   0x0000196b       0x1c ./src/fatfs/mmc_ssp.o
 .debug_macro   0x00001987       0x22 ./src/fatfs/mmc_ssp.o
 .debug_macro   0x000019a9      0x37a ./src/fatfs/mmc_ssp.o
 .debug_macro   0x00001d23      0x123 ./src/fatfs/mmc_ssp.o
 .debug_macro   0x00001e46       0x6a ./src/fatfs/mmc_ssp.o
 .debug_macro   0x00001eb0       0x40 ./src/fatfs/mmc_ssp.o
 .debug_macro   0x00001ef0       0xa0 ./src/fatfs/mmc_ssp.o
 .debug_macro   0x00001f90       0xc4 ./src/fatfs/mmc_ssp.o
 .debug_macro   0x00002054       0x34 ./src/fatfs/mmc_ssp.o
 .debug_macro   0x00002088      0x148 ./src/NewPlayer.o
 .debug_macro   0x000021d0       0x82 ./src/NewPlayer.o
 .debug_macro   0x00002252       0x7a ./src/PWM.o
 .debug_macro   0x000022cc       0x3a ./src/PWM.o
 .debug_macro   0x00002306       0x6c ./src/SPI.o
 .debug_macro   0x00002372       0x71 ./src/Timer16_32.o
 .debug_macro   0x000023e3       0x64 ./src/Timer16_32.o
 .debug_macro   0x00002447       0x6c ./src/UART.o
 .debug_macro   0x000024b3       0x1d ./src/cr_startup_lpc11xx.o
 .debug_macro   0x000024d0       0x1a ./src/crp.o
 .debug_macro   0x000024ea       0x34 ./src/crp.o
 .debug_macro   0x0000251e       0x32 ./src/xprintf.o
 .debug_macro   0x00002550       0x16 ./src/xprintf.o
 .debug_macro   0x00002566      0x122 /home/evaota/LPCXpresso/workspace/CMSISv1p30_LPC11xx/Debug/libCMSISv1p30_LPC11xx.a(system_LPC11xx.o)
 .debug_macro   0x00002688      0x82c /home/evaota/LPCXpresso/workspace/CMSISv1p30_LPC11xx/Debug/libCMSISv1p30_LPC11xx.a(system_LPC11xx.o)
 .debug_macro   0x00002eb4      0x398 /home/evaota/LPCXpresso/workspace/CMSISv1p30_LPC11xx/Debug/libCMSISv1p30_LPC11xx.a(system_LPC11xx.o)

.debug_line     0x00000000     0x264c
 .debug_line    0x00000000      0x25f ./src/wav/wav.o
 .debug_line    0x0000025f      0xc5e ./src/fatfs/ff.o
 .debug_line    0x00000ebd      0x502 ./src/fatfs/mmc_ssp.o
 .debug_line    0x000013bf      0x49e ./src/NewPlayer.o
 .debug_line    0x0000185d      0x1d5 ./src/PWM.o
 .debug_line    0x00001a32      0x1c3 ./src/SPI.o
 .debug_line    0x00001bf5      0x1e0 ./src/Timer16_32.o
 .debug_line    0x00001dd5      0x1dc ./src/UART.o
 .debug_line    0x00001fb1       0xac ./src/cr_startup_lpc11xx.o
 .debug_line    0x0000205d       0x7c ./src/crp.o
 .debug_line    0x000020d9      0x360 ./src/xprintf.o
 .debug_line    0x00002439      0x213 /home/evaota/LPCXpresso/workspace/CMSISv1p30_LPC11xx/Debug/libCMSISv1p30_LPC11xx.a(system_LPC11xx.o)

.debug_str      0x00000000     0x92c4
 .debug_str     0x00000000     0x4970 ./src/wav/wav.o
                               0x4a3a (size before relaxing)
 .debug_str     0x00004970      0x9a3 ./src/fatfs/ff.o
                               0x37b5 (size before relaxing)
 .debug_str     0x00005313     0x2bc1 ./src/fatfs/mmc_ssp.o
                               0x6b57 (size before relaxing)
 .debug_str     0x00007ed4      0xb1a ./src/NewPlayer.o
                               0x7e78 (size before relaxing)
 .debug_str     0x000089ee       0x3f ./src/PWM.o
                               0x5f1d (size before relaxing)
 .debug_str     0x00008a2d       0x25 ./src/SPI.o
                               0x5c1e (size before relaxing)
 .debug_str     0x00008a52       0x57 ./src/Timer16_32.o
                               0x5b37 (size before relaxing)
 .debug_str     0x00008aa9       0x65 ./src/UART.o
                               0x5c4a (size before relaxing)
 .debug_str     0x00008b0e      0x17a ./src/cr_startup_lpc11xx.o
                               0x24fe (size before relaxing)
 .debug_str     0x00008c88       0xe9 ./src/crp.o
                               0x244e (size before relaxing)
 .debug_str     0x00008d71       0xf0 ./src/xprintf.o
                               0x25f9 (size before relaxing)
 .debug_str     0x00008e61      0x463 /home/evaota/LPCXpresso/workspace/CMSISv1p30_LPC11xx/Debug/libCMSISv1p30_LPC11xx.a(system_LPC11xx.o)
                               0x5d64 (size before relaxing)

.comment        0x00000000       0x70
 .comment       0x00000000       0x70 ./src/wav/wav.o
                                 0x71 (size before relaxing)
 .comment       0x00000000       0x71 ./src/fatfs/ff.o
 .comment       0x00000000       0x71 ./src/fatfs/mmc_ssp.o
 .comment       0x00000000       0x71 ./src/NewPlayer.o
 .comment       0x00000000       0x71 ./src/PWM.o
 .comment       0x00000000       0x71 ./src/SPI.o
 .comment       0x00000000       0x71 ./src/Timer16_32.o
 .comment       0x00000000       0x71 ./src/UART.o
 .comment       0x00000000       0x71 ./src/cr_startup_lpc11xx.o
 .comment       0x00000000       0x71 ./src/crp.o
 .comment       0x00000000       0x71 ./src/xprintf.o
 .comment       0x00000000       0x71 /home/evaota/LPCXpresso/workspace/CMSISv1p30_LPC11xx/Debug/libCMSISv1p30_LPC11xx.a(system_LPC11xx.o)
 .comment       0x00000000       0x71 /usr/local/lpcxpresso_7.9.2_493/lpcxpresso/tools/bin/../lib/gcc/arm-none-eabi/4.9.3/../../../../arm-none-eabi/lib/armv6-m/libcr_semihost.a(_cr__main.o)
 .comment       0x00000000       0x71 /usr/local/lpcxpresso_7.9.2_493/lpcxpresso/tools/bin/../lib/gcc/arm-none-eabi/4.9.3/../../../../arm-none-eabi/lib/armv6-m/libcr_c.a(initio.o)
 .comment       0x00000000       0x71 /usr/local/lpcxpresso_7.9.2_493/lpcxpresso/tools/bin/../lib/gcc/arm-none-eabi/4.9.3/../../../../arm-none-eabi/lib/armv6-m/libcr_c.a(setvbuf.o)
 .comment       0x00000000       0x71 /usr/local/lpcxpresso_7.9.2_493/lpcxpresso/tools/bin/../lib/gcc/arm-none-eabi/4.9.3/../../../../arm-none-eabi/lib/armv6-m/libcr_c.a(stdio.o)
 .comment       0x00000000       0x71 /usr/local/lpcxpresso_7.9.2_493/lpcxpresso/tools/bin/../lib/gcc/arm-none-eabi/4.9.3/../../../../arm-none-eabi/lib/armv6-m/libcr_c.a(strlen.o)
 .comment       0x00000000       0x71 /usr/local/lpcxpresso_7.9.2_493/lpcxpresso/tools/bin/../lib/gcc/arm-none-eabi/4.9.3/../../../../arm-none-eabi/lib/armv6-m/libcr_c.a(strstr.o)
 .comment       0x00000000       0x71 /usr/local/lpcxpresso_7.9.2_493/lpcxpresso/tools/bin/../lib/gcc/arm-none-eabi/4.9.3/../../../../arm-none-eabi/lib/armv6-m/libcr_c.a(memset.o)
 .comment       0x00000000       0x71 /usr/local/lpcxpresso_7.9.2_493/lpcxpresso/tools/bin/../lib/gcc/arm-none-eabi/4.9.3/../../../../arm-none-eabi/lib/armv6-m/libcr_c.a(_deferredlazyseek.o)
 .comment       0x00000000       0x71 /usr/local/lpcxpresso_7.9.2_493/lpcxpresso/tools/bin/../lib/gcc/arm-none-eabi/4.9.3/../../../../arm-none-eabi/lib/armv6-m/libcr_c.a(_fdopen.o)
 .comment       0x00000000       0x71 /usr/local/lpcxpresso_7.9.2_493/lpcxpresso/tools/bin/../lib/gcc/arm-none-eabi/4.9.3/../../../../arm-none-eabi/lib/armv6-m/libcr_c.a(_fflush.o)
 .comment       0x00000000       0x71 /usr/local/lpcxpresso_7.9.2_493/lpcxpresso/tools/bin/../lib/gcc/arm-none-eabi/4.9.3/../../../../arm-none-eabi/lib/armv6-m/libcr_c.a(_writebuf.o)
 .comment       0x00000000       0x71 /usr/local/lpcxpresso_7.9.2_493/lpcxpresso/tools/bin/../lib/gcc/arm-none-eabi/4.9.3/../../../../arm-none-eabi/lib/armv6-m/libcr_c.a(alloc.o)
 .comment       0x00000000       0x71 /usr/local/lpcxpresso_7.9.2_493/lpcxpresso/tools/bin/../lib/gcc/arm-none-eabi/4.9.3/../../../../arm-none-eabi/lib/armv6-m/libcr_c.a(errno.o)
 .comment       0x00000000       0x71 /usr/local/lpcxpresso_7.9.2_493/lpcxpresso/tools/bin/../lib/gcc/arm-none-eabi/4.9.3/../../../../arm-none-eabi/lib/armv6-m/libcr_c.a(fclose.o)
 .comment       0x00000000       0x71 /usr/local/lpcxpresso_7.9.2_493/lpcxpresso/tools/bin/../lib/gcc/arm-none-eabi/4.9.3/../../../../arm-none-eabi/lib/armv6-m/libcr_c.a(fflush.o)
 .comment       0x00000000       0x71 /usr/local/lpcxpresso_7.9.2_493/lpcxpresso/tools/bin/../lib/gcc/arm-none-eabi/4.9.3/../../../../arm-none-eabi/lib/armv6-m/libcr_c.a(fseek.o)
 .comment       0x00000000       0x71 /usr/local/lpcxpresso_7.9.2_493/lpcxpresso/tools/bin/../lib/gcc/arm-none-eabi/4.9.3/../../../../arm-none-eabi/lib/armv6-m/libcr_c.a(ftell.o)
 .comment       0x00000000       0x71 /usr/local/lpcxpresso_7.9.2_493/lpcxpresso/tools/bin/../lib/gcc/arm-none-eabi/4.9.3/../../../../arm-none-eabi/lib/armv6-m/libcr_c.a(remove.o)
 .comment       0x00000000       0x71 /usr/local/lpcxpresso_7.9.2_493/lpcxpresso/tools/bin/../lib/gcc/arm-none-eabi/4.9.3/../../../../arm-none-eabi/lib/armv6-m/libcr_c.a(__init_alloc.o)
 .comment       0x00000000       0x71 /usr/local/lpcxpresso_7.9.2_493/lpcxpresso/tools/bin/../lib/gcc/arm-none-eabi/4.9.3/../../../../arm-none-eabi/lib/armv6-m/libcr_c.a(_cr_sbrk.o)
 .comment       0x00000000       0x71 /usr/local/lpcxpresso_7.9.2_493/lpcxpresso/tools/bin/../lib/gcc/arm-none-eabi/4.9.3/../../../../arm-none-eabi/lib/armv6-m/libcr_c.a(_do_fflush.o)
 .comment       0x00000000       0x71 /usr/local/lpcxpresso_7.9.2_493/lpcxpresso/tools/bin/../lib/gcc/arm-none-eabi/4.9.3/../../../../arm-none-eabi/lib/armv6-m/libcr_c.a(_cr_check_heap.o)

.ARM.attributes
                0x00000000       0x2f
 .ARM.attributes
                0x00000000       0x31 ./src/wav/wav.o
 .ARM.attributes
                0x00000031       0x31 ./src/fatfs/ff.o
 .ARM.attributes
                0x00000062       0x31 ./src/fatfs/mmc_ssp.o
 .ARM.attributes
                0x00000093       0x31 ./src/NewPlayer.o
 .ARM.attributes
                0x000000c4       0x31 ./src/PWM.o
 .ARM.attributes
                0x000000f5       0x31 ./src/SPI.o
 .ARM.attributes
                0x00000126       0x31 ./src/Timer16_32.o
 .ARM.attributes
                0x00000157       0x31 ./src/UART.o
 .ARM.attributes
                0x00000188       0x31 ./src/cr_startup_lpc11xx.o
 .ARM.attributes
                0x000001b9       0x31 ./src/crp.o
 .ARM.attributes
                0x000001ea       0x31 ./src/xprintf.o
 .ARM.attributes
                0x0000021b       0x31 /home/evaota/LPCXpresso/workspace/CMSISv1p30_LPC11xx/Debug/libCMSISv1p30_LPC11xx.a(system_LPC11xx.o)
 .ARM.attributes
                0x0000024c       0x31 /usr/local/lpcxpresso_7.9.2_493/lpcxpresso/tools/bin/../lib/gcc/arm-none-eabi/4.9.3/../../../../arm-none-eabi/lib/armv6-m/libcr_semihost.a(_cr__main.o)
 .ARM.attributes
                0x0000027d       0x31 /usr/local/lpcxpresso_7.9.2_493/lpcxpresso/tools/bin/../lib/gcc/arm-none-eabi/4.9.3/../../../../arm-none-eabi/lib/armv6-m/libcr_c.a(initio.o)
 .ARM.attributes
                0x000002ae       0x31 /usr/local/lpcxpresso_7.9.2_493/lpcxpresso/tools/bin/../lib/gcc/arm-none-eabi/4.9.3/../../../../arm-none-eabi/lib/armv6-m/libcr_c.a(setvbuf.o)
 .ARM.attributes
                0x000002df       0x31 /usr/local/lpcxpresso_7.9.2_493/lpcxpresso/tools/bin/../lib/gcc/arm-none-eabi/4.9.3/../../../../arm-none-eabi/lib/armv6-m/libcr_c.a(stdio.o)
 .ARM.attributes
                0x00000310       0x31 /usr/local/lpcxpresso_7.9.2_493/lpcxpresso/tools/bin/../lib/gcc/arm-none-eabi/4.9.3/../../../../arm-none-eabi/lib/armv6-m/libcr_c.a(strlen.o)
 .ARM.attributes
                0x00000341       0x31 /usr/local/lpcxpresso_7.9.2_493/lpcxpresso/tools/bin/../lib/gcc/arm-none-eabi/4.9.3/../../../../arm-none-eabi/lib/armv6-m/libcr_c.a(strstr.o)
 .ARM.attributes
                0x00000372       0x31 /usr/local/lpcxpresso_7.9.2_493/lpcxpresso/tools/bin/../lib/gcc/arm-none-eabi/4.9.3/../../../../arm-none-eabi/lib/armv6-m/libcr_c.a(memset.o)
 .ARM.attributes
                0x000003a3       0x31 /usr/local/lpcxpresso_7.9.2_493/lpcxpresso/tools/bin/../lib/gcc/arm-none-eabi/4.9.3/../../../../arm-none-eabi/lib/armv6-m/libcr_c.a(_deferredlazyseek.o)
 .ARM.attributes
                0x000003d4       0x31 /usr/local/lpcxpresso_7.9.2_493/lpcxpresso/tools/bin/../lib/gcc/arm-none-eabi/4.9.3/../../../../arm-none-eabi/lib/armv6-m/libcr_c.a(_fdopen.o)
 .ARM.attributes
                0x00000405       0x31 /usr/local/lpcxpresso_7.9.2_493/lpcxpresso/tools/bin/../lib/gcc/arm-none-eabi/4.9.3/../../../../arm-none-eabi/lib/armv6-m/libcr_c.a(_fflush.o)
 .ARM.attributes
                0x00000436       0x31 /usr/local/lpcxpresso_7.9.2_493/lpcxpresso/tools/bin/../lib/gcc/arm-none-eabi/4.9.3/../../../../arm-none-eabi/lib/armv6-m/libcr_c.a(_writebuf.o)
 .ARM.attributes
                0x00000467       0x31 /usr/local/lpcxpresso_7.9.2_493/lpcxpresso/tools/bin/../lib/gcc/arm-none-eabi/4.9.3/../../../../arm-none-eabi/lib/armv6-m/libcr_c.a(alloc.o)
 .ARM.attributes
                0x00000498       0x31 /usr/local/lpcxpresso_7.9.2_493/lpcxpresso/tools/bin/../lib/gcc/arm-none-eabi/4.9.3/../../../../arm-none-eabi/lib/armv6-m/libcr_c.a(errno.o)
 .ARM.attributes
                0x000004c9       0x31 /usr/local/lpcxpresso_7.9.2_493/lpcxpresso/tools/bin/../lib/gcc/arm-none-eabi/4.9.3/../../../../arm-none-eabi/lib/armv6-m/libcr_c.a(fclose.o)
 .ARM.attributes
                0x000004fa       0x31 /usr/local/lpcxpresso_7.9.2_493/lpcxpresso/tools/bin/../lib/gcc/arm-none-eabi/4.9.3/../../../../arm-none-eabi/lib/armv6-m/libcr_c.a(fflush.o)
 .ARM.attributes
                0x0000052b       0x31 /usr/local/lpcxpresso_7.9.2_493/lpcxpresso/tools/bin/../lib/gcc/arm-none-eabi/4.9.3/../../../../arm-none-eabi/lib/armv6-m/libcr_c.a(fseek.o)
 .ARM.attributes
                0x0000055c       0x31 /usr/local/lpcxpresso_7.9.2_493/lpcxpresso/tools/bin/../lib/gcc/arm-none-eabi/4.9.3/../../../../arm-none-eabi/lib/armv6-m/libcr_c.a(ftell.o)
 .ARM.attributes
                0x0000058d       0x31 /usr/local/lpcxpresso_7.9.2_493/lpcxpresso/tools/bin/../lib/gcc/arm-none-eabi/4.9.3/../../../../arm-none-eabi/lib/armv6-m/libcr_c.a(remove.o)
 .ARM.attributes
                0x000005be       0x31 /usr/local/lpcxpresso_7.9.2_493/lpcxpresso/tools/bin/../lib/gcc/arm-none-eabi/4.9.3/../../../../arm-none-eabi/lib/armv6-m/libcr_c.a(__init_alloc.o)
 .ARM.attributes
                0x000005ef       0x31 /usr/local/lpcxpresso_7.9.2_493/lpcxpresso/tools/bin/../lib/gcc/arm-none-eabi/4.9.3/../../../../arm-none-eabi/lib/armv6-m/libcr_c.a(_cr_sbrk.o)
 .ARM.attributes
                0x00000620       0x31 /usr/local/lpcxpresso_7.9.2_493/lpcxpresso/tools/bin/../lib/gcc/arm-none-eabi/4.9.3/../../../../arm-none-eabi/lib/armv6-m/libcr_c.a(_do_fflush.o)
 .ARM.attributes
                0x00000651       0x31 /usr/local/lpcxpresso_7.9.2_493/lpcxpresso/tools/bin/../lib/gcc/arm-none-eabi/4.9.3/../../../../arm-none-eabi/lib/armv6-m/libcr_c.a(_cr_check_heap.o)
 .ARM.attributes
                0x00000682       0x21 /usr/local/lpcxpresso_7.9.2_493/lpcxpresso/tools/bin/../lib/gcc/arm-none-eabi/4.9.3/armv6-m/libcr_eabihelpers.a(division_32.o)
 .ARM.attributes
                0x000006a3       0x21 /usr/local/lpcxpresso_7.9.2_493/lpcxpresso/tools/bin/../lib/gcc/arm-none-eabi/4.9.3/armv6-m/libcr_eabihelpers.a(division_idiv0.o)
 .ARM.attributes
                0x000006c4       0x21 /usr/local/lpcxpresso_7.9.2_493/lpcxpresso/tools/bin/../lib/gcc/arm-none-eabi/4.9.3/armv6-m/libcr_eabihelpers.a(memcpy.o)
 .ARM.attributes
                0x000006e5       0x21 /usr/local/lpcxpresso_7.9.2_493/lpcxpresso/tools/bin/../lib/gcc/arm-none-eabi/4.9.3/../../../../arm-none-eabi/lib/armv6-m/libcr_semihost.a(__sys_appexit.o)
 .ARM.attributes
                0x00000706       0x21 /usr/local/lpcxpresso_7.9.2_493/lpcxpresso/tools/bin/../lib/gcc/arm-none-eabi/4.9.3/../../../../arm-none-eabi/lib/armv6-m/libcr_semihost.a(__sys_close.o)
 .ARM.attributes
                0x00000727       0x21 /usr/local/lpcxpresso_7.9.2_493/lpcxpresso/tools/bin/../lib/gcc/arm-none-eabi/4.9.3/../../../../arm-none-eabi/lib/armv6-m/libcr_semihost.a(__sys_flen.o)
 .ARM.attributes
                0x00000748       0x21 /usr/local/lpcxpresso_7.9.2_493/lpcxpresso/tools/bin/../lib/gcc/arm-none-eabi/4.9.3/../../../../arm-none-eabi/lib/armv6-m/libcr_semihost.a(__sys_istty.o)
 .ARM.attributes
                0x00000769       0x21 /usr/local/lpcxpresso_7.9.2_493/lpcxpresso/tools/bin/../lib/gcc/arm-none-eabi/4.9.3/../../../../arm-none-eabi/lib/armv6-m/libcr_semihost.a(__sys_remove.o)
 .ARM.attributes
                0x0000078a       0x21 /usr/local/lpcxpresso_7.9.2_493/lpcxpresso/tools/bin/../lib/gcc/arm-none-eabi/4.9.3/../../../../arm-none-eabi/lib/armv6-m/libcr_semihost.a(__sys_seek.o)
 .ARM.attributes
                0x000007ab       0x21 /usr/local/lpcxpresso_7.9.2_493/lpcxpresso/tools/bin/../lib/gcc/arm-none-eabi/4.9.3/../../../../arm-none-eabi/lib/armv6-m/libcr_semihost.a(__sys_tmpnam.o)
 .ARM.attributes
                0x000007cc       0x21 /usr/local/lpcxpresso_7.9.2_493/lpcxpresso/tools/bin/../lib/gcc/arm-none-eabi/4.9.3/../../../../arm-none-eabi/lib/armv6-m/libcr_semihost.a(__sys_write.o)

.debug_frame    0x00000000      0xc90
 .debug_frame   0x00000000       0x84 ./src/wav/wav.o
 .debug_frame   0x00000084      0x598 ./src/fatfs/ff.o
 .debug_frame   0x0000061c      0x158 ./src/fatfs/mmc_ssp.o
 .debug_frame   0x00000774       0xdc ./src/NewPlayer.o
 .debug_frame   0x00000850       0x80 ./src/PWM.o
 .debug_frame   0x000008d0       0x4c ./src/SPI.o
 .debug_frame   0x0000091c       0x70 ./src/Timer16_32.o
 .debug_frame   0x0000098c       0x84 ./src/UART.o
 .debug_frame   0x00000a10       0xb4 ./src/cr_startup_lpc11xx.o
 .debug_frame   0x00000ac4      0x160 ./src/xprintf.o
 .debug_frame   0x00000c24       0x6c /home/evaota/LPCXpresso/workspace/CMSISv1p30_LPC11xx/Debug/libCMSISv1p30_LPC11xx.a(system_LPC11xx.o)
